
running 3 tests
test test_parse_number ... ok
[2m2023-05-19T13:12:03.558362Z[0m [32m INFO[0m [2mtest[0m[2m:[0m input=Operator("(")
[2m2023-05-19T13:12:03.558491Z[0m [32m INFO[0m [2mtest[0m[2m:[0m input=Comment("W;JW\"_<`Bu(WE")
[2m2023-05-19T13:12:03.558604Z[0m [32m INFO[0m [2mtest[0m[2m:[0m input=Comment("Bt'%^YIy%KK/~<Yu`%\\\\{}")
[2m2023-05-19T13:12:03.558682Z[0m [32m INFO[0m [2mtest[0m[2m:[0m input=Operator("-")
[2m2023-05-19T13:12:03.558733Z[0m [32m INFO[0m [2mtest[0m[2m:[0m input=Integer(-2312828404970426069)
[2m2023-05-19T13:12:03.558782Z[0m [32m INFO[0m [2mtest[0m[2m:[0m input=Integer(4160337470387475907)
[2m2023-05-19T13:12:03.558868Z[0m [32m INFO[0m [2mtest[0m[2m:[0m input=Integer(-5077767274067956727)
[2m2023-05-19T13:12:03.558945Z[0m [32m INFO[0m [2mtest[0m[2m:[0m input=Operator("(")
[2m2023-05-19T13:12:03.558993Z[0m [32m INFO[0m [2mtest[0m[2m:[0m input=Identifier("qJhmHXFVM1Ud4C22tlk")
[2m2023-05-19T13:12:03.559033Z[0m [32m INFO[0m [2mtest[0m[2m:[0m input=Identifier("hnh7gyr3GQM05AX")
[2m2023-05-19T13:12:03.559085Z[0m [32m INFO[0m [2mtest[0m[2m:[0m input=StringLiteral("s6.HwK@")
[2m2023-05-19T13:12:03.559141Z[0m [32m INFO[0m [2mtest[0m[2m:[0m input=StringLiteral("aksvn)&S$")
[2m2023-05-19T13:12:03.559192Z[0m [32m INFO[0m [2mtest[0m[2m:[0m input=Operator("+")
[2m2023-05-19T13:12:03.559254Z[0m [32m INFO[0m [2mtest[0m[2m:[0m input=Identifier("A547LZoYJaBwIwWU77L3824")
[2m2023-05-19T13:12:03.559304Z[0m [32m INFO[0m [2mtest[0m[2m:[0m input=Comment("$H3\\>8'n<n/=$/#{0H:.")
[2m2023-05-19T13:12:03.559377Z[0m [32m INFO[0m [2mtest[0m[2m:[0m input=Identifier("Oc3rKKmh95dHjpm3y8oJBTQ762BwA")
[2m2023-05-19T13:12:03.559420Z[0m [32m INFO[0m [2mtest[0m[2m:[0m input=Integer(-3781275573221963748)
[2m2023-05-19T13:12:03.559468Z[0m [32m INFO[0m [2mtest[0m[2m:[0m input=Comment("{$z_`%B0k<id<<ppvJK")
[2m2023-05-19T13:12:03.559539Z[0m [32m INFO[0m [2mtest[0m[2m:[0m input=Integer(3272062071050995810)
[2m2023-05-19T13:12:03.559594Z[0m [32m INFO[0m [2mtest[0m[2m:[0m input=Comment("_.(o9=X=j`'=)Oe7DzKr|pzE.5!")
[2m2023-05-19T13:12:03.559641Z[0m [32m INFO[0m [2mtest[0m[2m:[0m input=Identifier("a8BeG")
[2m2023-05-19T13:12:03.559710Z[0m [32m INFO[0m [2mtest[0m[2m:[0m input=Comment("ni?N+k1W5$&$q<*l?Oa^$A\"{?]$t.")
[2m2023-05-19T13:12:03.559767Z[0m [32m INFO[0m [2mtest[0m[2m:[0m input=StringLiteral(">J_:A>/pYmNSx3UQ0*`")
[2m2023-05-19T13:12:03.559835Z[0m [32m INFO[0m [2mtest[0m[2m:[0m input=Comment("</5SCf}")
[2m2023-05-19T13:12:03.559888Z[0m [32m INFO[0m [2mtest[0m[2m:[0m input=Identifier("KKya9J6qMEtm69bEg1BkcxBHor")
[2m2023-05-19T13:12:03.559929Z[0m [32m INFO[0m [2mtest[0m[2m:[0m input=StringLiteral("<I.z$.hR5`")
[2m2023-05-19T13:12:03.560012Z[0m [32m INFO[0m [2mtest[0m[2m:[0m input=Comment("=0O6{ld'Hh?%k\\aU=NvBj{\"d..")
[2m2023-05-19T13:12:03.560069Z[0m [32m INFO[0m [2mtest[0m[2m:[0m input=Comment("<fw9")
[2m2023-05-19T13:12:03.560122Z[0m [32m INFO[0m [2mtest[0m[2m:[0m input=Comment("$x0zr1XuqN")
[2m2023-05-19T13:12:03.560158Z[0m [32m INFO[0m [2mtest[0m[2m:[0m input=StringLiteral("?`@]g*`77@FrE")
[2m2023-05-19T13:12:03.560190Z[0m [32m INFO[0m [2mtest[0m[2m:[0m input=Integer(-803098700810703216)
[2m2023-05-19T13:12:03.560278Z[0m [32m INFO[0m [2mtest[0m[2m:[0m input=StringLiteral(":69pB*Vr?5'CmZ%")
[2m2023-05-19T13:12:03.560328Z[0m [32m INFO[0m [2mtest[0m[2m:[0m input=Integer(-92460222291346840)
[2m2023-05-19T13:12:03.560373Z[0m [32m INFO[0m [2mtest[0m[2m:[0m input=Integer(2548819900275787476)
[2m2023-05-19T13:12:03.560409Z[0m [32m INFO[0m [2mtest[0m[2m:[0m input=Operator("=")
[2m2023-05-19T13:12:03.560437Z[0m [32m INFO[0m [2mtest[0m[2m:[0m input=Integer(3053809957443049156)
[2m2023-05-19T13:12:03.560496Z[0m [32m INFO[0m [2mtest[0m[2m:[0m input=Identifier("fQkcV6QpQ86KfjiAnp6CV9amWXFTX")
[2m2023-05-19T13:12:03.560582Z[0m [32m INFO[0m [2mtest[0m[2m:[0m input=StringLiteral("@`$k.)u:Nf-.x&i?JARJ2")
[2m2023-05-19T13:12:03.560624Z[0m [32m INFO[0m [2mtest[0m[2m:[0m input=Integer(-4769320211895999292)
[2m2023-05-19T13:12:03.560685Z[0m [32m INFO[0m [2mtest[0m[2m:[0m input=Identifier("haXZ4kSUR80CouCbTm4IabK0Tpc")
[2m2023-05-19T13:12:03.560731Z[0m [32m INFO[0m [2mtest[0m[2m:[0m input=Integer(-8852530952032782195)
[2m2023-05-19T13:12:03.560784Z[0m [32m INFO[0m [2mtest[0m[2m:[0m input=Comment("\\$u?\\`)9`gZJf5SHZC4qb=z&*-")
[2m2023-05-19T13:12:03.560847Z[0m [32m INFO[0m [2mtest[0m[2m:[0m input=StringLiteral("`rj1rv$vt??;5W%.opi{fR#")
[2m2023-05-19T13:12:03.560909Z[0m [32m INFO[0m [2mtest[0m[2m:[0m input=StringLiteral("u'9vcf/36*2Z*|C<.")
[2m2023-05-19T13:12:03.560976Z[0m [32m INFO[0m [2mtest[0m[2m:[0m input=Operator("=")
[2m2023-05-19T13:12:03.561028Z[0m [32m INFO[0m [2mtest[0m[2m:[0m input=Operator("-")
[2m2023-05-19T13:12:03.561059Z[0m [32m INFO[0m [2mtest[0m[2m:[0m input=Operator("*")
[2m2023-05-19T13:12:03.561160Z[0m [32m INFO[0m [2mtest[0m[2m:[0m input=Operator(")")
[2m2023-05-19T13:12:03.561223Z[0m [32m INFO[0m [2mtest[0m[2m:[0m input=Integer(-4715099363233663020)
[2m2023-05-19T13:12:03.561296Z[0m [32m INFO[0m [2mtest[0m[2m:[0m input=Operator(")")
[2m2023-05-19T13:12:03.561366Z[0m [32m INFO[0m [2mtest[0m[2m:[0m input=StringLiteral("'&`")
[2m2023-05-19T13:12:03.561469Z[0m [32m INFO[0m [2mtest[0m[2m:[0m input=Operator("-")
[2m2023-05-19T13:12:03.561581Z[0m [32m INFO[0m [2mtest[0m[2m:[0m input=Identifier("DQJyojwYYKScks5rippx2K")
[2m2023-05-19T13:12:03.561645Z[0m [32m INFO[0m [2mtest[0m[2m:[0m input=Integer(6684956526258386684)
[2m2023-05-19T13:12:03.561700Z[0m [32m INFO[0m [2mtest[0m[2m:[0m input=Comment("_C'Oz?$``:Yvak")
[2m2023-05-19T13:12:03.561763Z[0m [32m INFO[0m [2mtest[0m[2m:[0m input=Identifier("zdmzQGUbPeZA84BRs2Z2KsD7oNrwFC")
[2m2023-05-19T13:12:03.561824Z[0m [32m INFO[0m [2mtest[0m[2m:[0m input=StringLiteral("wU3=.6QXUB~mX<t")
[2m2023-05-19T13:12:03.561913Z[0m [32m INFO[0m [2mtest[0m[2m:[0m input=Identifier("xtteOUP")
[2m2023-05-19T13:12:03.561959Z[0m [32m INFO[0m [2mtest[0m[2m:[0m input=Operator("-")
[2m2023-05-19T13:12:03.561996Z[0m [32m INFO[0m [2mtest[0m[2m:[0m input=Identifier("Ow")
[2m2023-05-19T13:12:03.562033Z[0m [32m INFO[0m [2mtest[0m[2m:[0m input=Comment("*4tt\\<F_j")
[2m2023-05-19T13:12:03.562068Z[0m [32m INFO[0m [2mtest[0m[2m:[0m input=Operator("-")
[2m2023-05-19T13:12:03.562111Z[0m [32m INFO[0m [2mtest[0m[2m:[0m input=StringLiteral("RWNom;o'W'3$?@-PrXA")
[2m2023-05-19T13:12:03.562175Z[0m [32m INFO[0m [2mtest[0m[2m:[0m input=Integer(-2342116951707271504)
[2m2023-05-19T13:12:03.562244Z[0m [32m INFO[0m [2mtest[0m[2m:[0m input=Comment(".1q$j;1LB%bu`BuZ%?")
[2m2023-05-19T13:12:03.562341Z[0m [32m INFO[0m [2mtest[0m[2m:[0m input=Operator("/")
[2m2023-05-19T13:12:03.562383Z[0m [32m INFO[0m [2mtest[0m[2m:[0m input=Identifier("eTPw")
[2m2023-05-19T13:12:03.562417Z[0m [32m INFO[0m [2mtest[0m[2m:[0m input=Identifier("Z06odj31")
[2m2023-05-19T13:12:03.562454Z[0m [32m INFO[0m [2mtest[0m[2m:[0m input=Comment("?")
[2m2023-05-19T13:12:03.562481Z[0m [32m INFO[0m [2mtest[0m[2m:[0m input=Integer(-4756533031787300179)
[2m2023-05-19T13:12:03.562511Z[0m [32m INFO[0m [2mtest[0m[2m:[0m input=Integer(-8956269342176162512)
[2m2023-05-19T13:12:03.562535Z[0m [32m INFO[0m [2mtest[0m[2m:[0m input=Integer(-8628516067338041251)
[2m2023-05-19T13:12:03.562630Z[0m [32m INFO[0m [2mtest[0m[2m:[0m input=Comment("fo`$g(l")
[2m2023-05-19T13:12:03.562679Z[0m [32m INFO[0m [2mtest[0m[2m:[0m input=Operator("=")
[2m2023-05-19T13:12:03.562717Z[0m [32m INFO[0m [2mtest[0m[2m:[0m input=Comment("+a/H}:0O/=%")
[2m2023-05-19T13:12:03.562757Z[0m [32m INFO[0m [2mtest[0m[2m:[0m input=Operator("/")
[2m2023-05-19T13:12:03.562815Z[0m [32m INFO[0m [2mtest[0m[2m:[0m input=Operator(")")
[2m2023-05-19T13:12:03.562881Z[0m [32m INFO[0m [2mtest[0m[2m:[0m input=StringLiteral("</`^VwV")
[2m2023-05-19T13:12:03.563001Z[0m [32m INFO[0m [2mtest[0m[2m:[0m input=StringLiteral("r!'^fcuSo/F=R;")
[2m2023-05-19T13:12:03.563041Z[0m [32m INFO[0m [2mtest[0m[2m:[0m input=StringLiteral("")
[2m2023-05-19T13:12:03.563073Z[0m [32m INFO[0m [2mtest[0m[2m:[0m input=Identifier("RV")
[2m2023-05-19T13:12:03.563104Z[0m [32m INFO[0m [2mtest[0m[2m:[0m input=Operator("-")
[2m2023-05-19T13:12:03.563188Z[0m [32m INFO[0m [2mtest[0m[2m:[0m input=Identifier("Igp19GWsR3z31Xri8m91i3nol31")
[2m2023-05-19T13:12:03.563250Z[0m [32m INFO[0m [2mtest[0m[2m:[0m input=Identifier("lqR8N1nz56Bd1tTGKQozl6V2mt04KkJA")
[2m2023-05-19T13:12:03.563308Z[0m [32m INFO[0m [2mtest[0m[2m:[0m input=Comment("Qw7jD= u89O}3UM=r>|!W(}C`.3!")
[2m2023-05-19T13:12:03.563415Z[0m [32m INFO[0m [2mtest[0m[2m:[0m input=StringLiteral("@<G*${G()eb^:`a:;p+b]")
[2m2023-05-19T13:12:03.563521Z[0m [32m INFO[0m [2mtest[0m[2m:[0m input=Identifier("Z2ymVipBDraVgP")
[2m2023-05-19T13:12:03.563589Z[0m [32m INFO[0m [2mtest[0m[2m:[0m input=Comment("5-'R`dTg-&M=v&Kp \\ Vuc\"a%")
[2m2023-05-19T13:12:03.563638Z[0m [32m INFO[0m [2mtest[0m[2m:[0m input=Identifier("m0Afvn")
[2m2023-05-19T13:12:03.563725Z[0m [32m INFO[0m [2mtest[0m[2m:[0m input=StringLiteral("&?D6{}p`ONxqy:$[C?'I2`")
[2m2023-05-19T13:12:03.563763Z[0m [32m INFO[0m [2mtest[0m[2m:[0m input=Operator("*")
[2m2023-05-19T13:12:03.563834Z[0m [32m INFO[0m [2mtest[0m[2m:[0m input=StringLiteral("(ri<=!#KC=N!U)'Q&S(V=c%mF9YLu")
[2m2023-05-19T13:12:03.563884Z[0m [32m INFO[0m [2mtest[0m[2m:[0m input=Integer(2770099071115103674)
[2m2023-05-19T13:12:03.563919Z[0m [32m INFO[0m [2mtest[0m[2m:[0m input=Operator(")")
[2m2023-05-19T13:12:03.563959Z[0m [32m INFO[0m [2mtest[0m[2m:[0m input=Comment("\"?b=5?")
[2m2023-05-19T13:12:03.563986Z[0m [32m INFO[0m [2mtest[0m[2m:[0m input=Integer(-5078810391322731610)
[2m2023-05-19T13:12:03.564010Z[0m [32m INFO[0m [2mtest[0m[2m:[0m input=Integer(6373539799220177524)
[2m2023-05-19T13:12:03.564038Z[0m [32m INFO[0m [2mtest[0m[2m:[0m input=Operator(")")
[2m2023-05-19T13:12:03.564063Z[0m [32m INFO[0m [2mtest[0m[2m:[0m input=Integer(-4719951393451627056)
[2m2023-05-19T13:12:03.564087Z[0m [32m INFO[0m [2mtest[0m[2m:[0m input=Integer(4243417403013874022)
[2m2023-05-19T13:12:03.564141Z[0m [32m INFO[0m [2mtest[0m[2m:[0m input=Comment("QY&|{s{z}\"sx/J=[`%vJGiG_itj{q1")
[2m2023-05-19T13:12:03.564205Z[0m [32m INFO[0m [2mtest[0m[2m:[0m input=Identifier("bS8snF5bXgp9I6Kkjf74PLyUudn5")
[2m2023-05-19T13:12:03.564257Z[0m [32m INFO[0m [2mtest[0m[2m:[0m input=StringLiteral("(!Q?1~ELO$`c")
[2m2023-05-19T13:12:03.564302Z[0m [32m INFO[0m [2mtest[0m[2m:[0m input=Integer(-5594091784932571998)
[2m2023-05-19T13:12:03.564363Z[0m [32m INFO[0m [2mtest[0m[2m:[0m input=Identifier("U3HXWrqOgkeKlOv9LJ8arpX6")
[2m2023-05-19T13:12:03.564436Z[0m [32m INFO[0m [2mtest[0m[2m:[0m input=StringLiteral("gi=&::U{Lg]91? B'Ub$")
[2m2023-05-19T13:12:03.564488Z[0m [32m INFO[0m [2mtest[0m[2m:[0m input=Operator("-")
[2m2023-05-19T13:12:03.564552Z[0m [32m INFO[0m [2mtest[0m[2m:[0m input=Identifier("qo1451V0z1auZFqe0GW48rErmNpk9j8uK")
[2m2023-05-19T13:12:03.564595Z[0m [32m INFO[0m [2mtest[0m[2m:[0m input=Integer(4092129067593643537)
[2m2023-05-19T13:12:03.564631Z[0m [32m INFO[0m [2mtest[0m[2m:[0m input=Operator("/")
[2m2023-05-19T13:12:03.564674Z[0m [32m INFO[0m [2mtest[0m[2m:[0m input=Operator("=")
[2m2023-05-19T13:12:03.564723Z[0m [32m INFO[0m [2mtest[0m[2m:[0m input=Identifier("jJe2CcHC4LSLjWIQsaOQBZyE")
[2m2023-05-19T13:12:03.564769Z[0m [32m INFO[0m [2mtest[0m[2m:[0m input=Operator("/")
[2m2023-05-19T13:12:03.564818Z[0m [32m INFO[0m [2mtest[0m[2m:[0m input=StringLiteral(";>8q|FS ")
[2m2023-05-19T13:12:03.564866Z[0m [32m INFO[0m [2mtest[0m[2m:[0m input=Integer(2243392649341827364)
[2m2023-05-19T13:12:03.564903Z[0m [32m INFO[0m [2mtest[0m[2m:[0m input=Operator("/")
[2m2023-05-19T13:12:03.564937Z[0m [32m INFO[0m [2mtest[0m[2m:[0m input=Integer(-2132255114937835106)
[2m2023-05-19T13:12:03.564988Z[0m [32m INFO[0m [2mtest[0m[2m:[0m input=Identifier("swv0GMs9p3cS6s4p4rq66fkUJY9qj")
[2m2023-05-19T13:12:03.565067Z[0m [32m INFO[0m [2mtest[0m[2m:[0m input=Identifier("Y5zNObPX3vVCs6m00i8ESAp")
[2m2023-05-19T13:12:03.565112Z[0m [32m INFO[0m [2mtest[0m[2m:[0m input=Identifier("im")
[2m2023-05-19T13:12:03.565151Z[0m [32m INFO[0m [2mtest[0m[2m:[0m input=Comment("kF{\\&=/")
[2m2023-05-19T13:12:03.565187Z[0m [32m INFO[0m [2mtest[0m[2m:[0m input=Operator("+")
[2m2023-05-19T13:12:03.565226Z[0m [32m INFO[0m [2mtest[0m[2m:[0m input=Comment("@+d/HejQ$V")
[2m2023-05-19T13:12:03.565259Z[0m [32m INFO[0m [2mtest[0m[2m:[0m input=Operator("/")
[2m2023-05-19T13:12:03.565308Z[0m [32m INFO[0m [2mtest[0m[2m:[0m input=Identifier("aEWQtgfuiY82pk2PHrDhSahNRghHf")
[2m2023-05-19T13:12:03.565345Z[0m [32m INFO[0m [2mtest[0m[2m:[0m input=Identifier("JdfgEyq")
[2m2023-05-19T13:12:03.565372Z[0m [32m INFO[0m [2mtest[0m[2m:[0m input=Integer(-6705068621401691627)
[2m2023-05-19T13:12:03.565407Z[0m [32m INFO[0m [2mtest[0m[2m:[0m input=Operator("=")
[2m2023-05-19T13:12:03.565453Z[0m [32m INFO[0m [2mtest[0m[2m:[0m input=Identifier("I5W1d3mkzoVUqbYH3btOC519BWon1z")
[2m2023-05-19T13:12:03.565498Z[0m [32m INFO[0m [2mtest[0m[2m:[0m input=Comment("K%REE6m&")
[2m2023-05-19T13:12:03.565531Z[0m [32m INFO[0m [2mtest[0m[2m:[0m input=Identifier("aVnUl7UJ6")
[2m2023-05-19T13:12:03.565564Z[0m [32m INFO[0m [2mtest[0m[2m:[0m input=Operator("(")
[2m2023-05-19T13:12:03.565600Z[0m [32m INFO[0m [2mtest[0m[2m:[0m input=StringLiteral("dP{v|vXG")
[2m2023-05-19T13:12:03.565633Z[0m [32m INFO[0m [2mtest[0m[2m:[0m input=Integer(-5481110034873197719)
[2m2023-05-19T13:12:03.565678Z[0m [32m INFO[0m [2mtest[0m[2m:[0m input=StringLiteral("Q=7:h8Dj,eS#wF{'gBDUhR%")
[2m2023-05-19T13:12:03.565725Z[0m [32m INFO[0m [2mtest[0m[2m:[0m input=Operator("=")
[2m2023-05-19T13:12:03.565769Z[0m [32m INFO[0m [2mtest[0m[2m:[0m input=Identifier("N5B3")
[2m2023-05-19T13:12:03.565886Z[0m [32m INFO[0m [2mtest[0m[2m:[0m input=Comment("X)\\}V)'?~/'iE,vd:")
[2m2023-05-19T13:12:03.565970Z[0m [32m INFO[0m [2mtest[0m[2m:[0m input=StringLiteral("U$uIVQj-vo&)4=T")
[2m2023-05-19T13:12:03.566027Z[0m [32m INFO[0m [2mtest[0m[2m:[0m input=StringLiteral("r{d0`VQPTj-I)nH")
[2m2023-05-19T13:12:03.566204Z[0m [32m INFO[0m [2mtest[0m[2m:[0m input=Integer(-944481357763014861)
[2m2023-05-19T13:12:03.566295Z[0m [32m INFO[0m [2mtest[0m[2m:[0m input=Comment("[,:`9b?'2:thV<>\\`?m`.")
[2m2023-05-19T13:12:03.566361Z[0m [32m INFO[0m [2mtest[0m[2m:[0m input=StringLiteral("*ir#i@")
[2m2023-05-19T13:12:03.566477Z[0m [32m INFO[0m [2mtest[0m[2m:[0m input=StringLiteral(";&H~2=c?T9 2")
[2m2023-05-19T13:12:03.566561Z[0m [32m INFO[0m [2mtest[0m[2m:[0m input=Comment("+>P")
[2m2023-05-19T13:12:03.566642Z[0m [32m INFO[0m [2mtest[0m[2m:[0m input=Identifier("P4mKqmFl011X7p7Q7lj0QUpnN050qlV")
[2m2023-05-19T13:12:03.566744Z[0m [32m INFO[0m [2mtest[0m[2m:[0m input=StringLiteral("?#HV9r*%uZR<0G~***hp!V}")
[2m2023-05-19T13:12:03.566838Z[0m [32m INFO[0m [2mtest[0m[2m:[0m input=Operator("+")
[2m2023-05-19T13:12:03.566876Z[0m [32m INFO[0m [2mtest[0m[2m:[0m input=Integer(8468119794901814422)
[2m2023-05-19T13:12:03.566903Z[0m [32m INFO[0m [2mtest[0m[2m:[0m input=Integer(7318097770454643729)
[2m2023-05-19T13:12:03.566964Z[0m [32m INFO[0m [2mtest[0m[2m:[0m input=StringLiteral(".f7Vo/KssR UZ?l(?4%9(gP/")
[2m2023-05-19T13:12:03.567004Z[0m [32m INFO[0m [2mtest[0m[2m:[0m input=Integer(8385849861386723824)
[2m2023-05-19T13:12:03.567056Z[0m [32m INFO[0m [2mtest[0m[2m:[0m input=StringLiteral("}[:Fd<'Au$v^HvHwQYmAEW,|CjL<w")
[2m2023-05-19T13:12:03.567119Z[0m [32m INFO[0m [2mtest[0m[2m:[0m input=StringLiteral("[zz/V'm':&/JqJG%j(")
[2m2023-05-19T13:12:03.567162Z[0m [32m INFO[0m [2mtest[0m[2m:[0m input=StringLiteral("M")
[2m2023-05-19T13:12:03.567212Z[0m [32m INFO[0m [2mtest[0m[2m:[0m input=Comment("$<VX[=")
[2m2023-05-19T13:12:03.567254Z[0m [32m INFO[0m [2mtest[0m[2m:[0m input=Integer(-4715947001408176785)
[2m2023-05-19T13:12:03.567283Z[0m [32m INFO[0m [2mtest[0m[2m:[0m input=Integer(-6974133696584211939)
[2m2023-05-19T13:12:03.567320Z[0m [32m INFO[0m [2mtest[0m[2m:[0m input=StringLiteral("6nyc' ")
[2m2023-05-19T13:12:03.567385Z[0m [32m INFO[0m [2mtest[0m[2m:[0m input=Operator("*")
[2m2023-05-19T13:12:03.567449Z[0m [32m INFO[0m [2mtest[0m[2m:[0m input=Identifier("NPt2XPkv0WfCMh2uJMT0J9i822dVVM")
[2m2023-05-19T13:12:03.567517Z[0m [32m INFO[0m [2mtest[0m[2m:[0m input=Integer(-3851631561863112475)
[2m2023-05-19T13:12:03.567607Z[0m [32m INFO[0m [2mtest[0m[2m:[0m input=Operator("=")
[2m2023-05-19T13:12:03.567655Z[0m [32m INFO[0m [2mtest[0m[2m:[0m input=StringLiteral(".*`.3'/d.{")
[2m2023-05-19T13:12:03.567698Z[0m [32m INFO[0m [2mtest[0m[2m:[0m input=Integer(-9008476241178289147)
[2m2023-05-19T13:12:03.567738Z[0m [32m INFO[0m [2mtest[0m[2m:[0m input=Integer(-5207737727736342164)
[2m2023-05-19T13:12:03.567794Z[0m [32m INFO[0m [2mtest[0m[2m:[0m input=Comment("1!//[9l0;~M=V3<1^T<-V$`k'.")
[2m2023-05-19T13:12:03.567839Z[0m [32m INFO[0m [2mtest[0m[2m:[0m input=Integer(8332175691669713755)
[2m2023-05-19T13:12:03.567891Z[0m [32m INFO[0m [2mtest[0m[2m:[0m input=StringLiteral("%7]$;!%=BdM7'9`*&{6&m")
[2m2023-05-19T13:12:03.568048Z[0m [32m INFO[0m [2mtest[0m[2m:[0m input=StringLiteral("s%!!P/%a:&//'2Q")
[2m2023-05-19T13:12:03.568100Z[0m [32m INFO[0m [2mtest[0m[2m:[0m input=Operator("=")
[2m2023-05-19T13:12:03.568217Z[0m [32m INFO[0m [2mtest[0m[2m:[0m input=StringLiteral("@e'$FG")
[2m2023-05-19T13:12:03.568282Z[0m [32m INFO[0m [2mtest[0m[2m:[0m input=StringLiteral("'Fl.aAR#J>b=32V=y[p.?&xY:")
[2m2023-05-19T13:12:03.568326Z[0m [32m INFO[0m [2mtest[0m[2m:[0m input=Identifier("I1")
[2m2023-05-19T13:12:03.568423Z[0m [32m INFO[0m [2mtest[0m[2m:[0m input=Integer(-349633240351537505)
[2m2023-05-19T13:12:03.568523Z[0m [32m INFO[0m [2mtest[0m[2m:[0m input=Identifier("q95xW4s1sWUa009RDVWS94QaDx0h310B")
[2m2023-05-19T13:12:03.568601Z[0m [32m INFO[0m [2mtest[0m[2m:[0m input=StringLiteral("e@:{0p$lv=ju`)s_y[y*.iv&^.]H")
[2m2023-05-19T13:12:03.568667Z[0m [32m INFO[0m [2mtest[0m[2m:[0m input=StringLiteral("&ojAHW%a*j]?q/{D,<")
[2m2023-05-19T13:12:03.568730Z[0m [32m INFO[0m [2mtest[0m[2m:[0m input=Integer(-1589158536820346137)
[2m2023-05-19T13:12:03.568826Z[0m [32m INFO[0m [2mtest[0m[2m:[0m input=Integer(-7084707233730330579)
[2m2023-05-19T13:12:03.568867Z[0m [32m INFO[0m [2mtest[0m[2m:[0m input=Integer(-1777205012463925544)
[2m2023-05-19T13:12:03.568925Z[0m [32m INFO[0m [2mtest[0m[2m:[0m input=Integer(-977448698341313354)
[2m2023-05-19T13:12:03.568959Z[0m [32m INFO[0m [2mtest[0m[2m:[0m input=Operator("*")
[2m2023-05-19T13:12:03.568998Z[0m [32m INFO[0m [2mtest[0m[2m:[0m input=Identifier("nP5Er9")
[2m2023-05-19T13:12:03.569032Z[0m [32m INFO[0m [2mtest[0m[2m:[0m input=Operator("(")
[2m2023-05-19T13:12:03.569063Z[0m [32m INFO[0m [2mtest[0m[2m:[0m input=Integer(-5435478731271736488)
[2m2023-05-19T13:12:03.569100Z[0m [32m INFO[0m [2mtest[0m[2m:[0m input=StringLiteral("L.=6'O):.$EG%")
[2m2023-05-19T13:12:03.569134Z[0m [32m INFO[0m [2mtest[0m[2m:[0m input=Integer(5737442919693508429)
[2m2023-05-19T13:12:03.569180Z[0m [32m INFO[0m [2mtest[0m[2m:[0m input=Identifier("s80fu6Fa04x495Wsa9EsNhxsVV")
[2m2023-05-19T13:12:03.569214Z[0m [32m INFO[0m [2mtest[0m[2m:[0m input=Operator("*")
[2m2023-05-19T13:12:03.569260Z[0m [32m INFO[0m [2mtest[0m[2m:[0m input=StringLiteral("Cwf<8:X'b?o&0` ^u<AUp?&T")
[2m2023-05-19T13:12:03.569338Z[0m [32m INFO[0m [2mtest[0m[2m:[0m input=StringLiteral("4p8pd<RMs.t=G29")
[2m2023-05-19T13:12:03.569413Z[0m [32m INFO[0m [2mtest[0m[2m:[0m input=StringLiteral(">*G+&!K9bX:7UhagZw`%EN!{/?f")
[2m2023-05-19T13:12:03.569464Z[0m [32m INFO[0m [2mtest[0m[2m:[0m input=Operator("+")
[2m2023-05-19T13:12:03.569501Z[0m [32m INFO[0m [2mtest[0m[2m:[0m input=Operator("+")
[2m2023-05-19T13:12:03.569536Z[0m [32m INFO[0m [2mtest[0m[2m:[0m input=Comment("*Kc")
[2m2023-05-19T13:12:03.569571Z[0m [32m INFO[0m [2mtest[0m[2m:[0m input=Operator("(")
[2m2023-05-19T13:12:03.569607Z[0m [32m INFO[0m [2mtest[0m[2m:[0m input=Integer(-76309706549589972)
[2m2023-05-19T13:12:03.569647Z[0m [32m INFO[0m [2mtest[0m[2m:[0m input=Comment("v?r@EO\"\\sd?27*5")
[2m2023-05-19T13:12:03.569699Z[0m [32m INFO[0m [2mtest[0m[2m:[0m input=Identifier("E4jwntSSWcm1KD16hM0LPkmH0C1y1LU")
[2m2023-05-19T13:12:03.569756Z[0m [32m INFO[0m [2mtest[0m[2m:[0m input=Identifier("M1rc9awYMoRDeGp6SP9QnLzqeDV624Hs")
[2m2023-05-19T13:12:03.569795Z[0m [32m INFO[0m [2mtest[0m[2m:[0m input=Comment("-L+goH")
[2m2023-05-19T13:12:03.569844Z[0m [32m INFO[0m [2mtest[0m[2m:[0m input=Identifier("fVC13YgLt9OUby55JSZjeKIMMdnXocbzA")
[2m2023-05-19T13:12:03.569886Z[0m [32m INFO[0m [2mtest[0m[2m:[0m input=StringLiteral(")G:r>mBJ0'v?W")
[2m2023-05-19T13:12:03.569912Z[0m [32m INFO[0m [2mtest[0m[2m:[0m input=Integer(1895274677796031348)
[2m2023-05-19T13:12:03.569938Z[0m [32m INFO[0m [2mtest[0m[2m:[0m input=Integer(4433790164807701568)
[2m2023-05-19T13:12:03.569964Z[0m [32m INFO[0m [2mtest[0m[2m:[0m input=Comment("=&p>K")
[2m2023-05-19T13:12:03.570007Z[0m [32m INFO[0m [2mtest[0m[2m:[0m input=Identifier("KXp9Um9KCM1Eyu3oJkk1p8hZ6nUtwg4j")
[2m2023-05-19T13:12:03.570042Z[0m [32m INFO[0m [2mtest[0m[2m:[0m input=Operator("*")
[2m2023-05-19T13:12:03.570071Z[0m [32m INFO[0m [2mtest[0m[2m:[0m input=Identifier("zI4B2p")
[2m2023-05-19T13:12:03.570116Z[0m [32m INFO[0m [2mtest[0m[2m:[0m input=StringLiteral("O:2@U&kQAF;V{.H.Bj/`CK")
[2m2023-05-19T13:12:03.570149Z[0m [32m INFO[0m [2mtest[0m[2m:[0m input=Operator("(")
[2m2023-05-19T13:12:03.570177Z[0m [32m INFO[0m [2mtest[0m[2m:[0m input=Operator("-")
[2m2023-05-19T13:12:03.570203Z[0m [32m INFO[0m [2mtest[0m[2m:[0m input=Integer(1006604232352684610)
[2m2023-05-19T13:12:03.570261Z[0m [32m INFO[0m [2mtest[0m[2m:[0m input=StringLiteral("q=LP=`<|P/?E8/Fy")
[2m2023-05-19T13:12:03.570310Z[0m [32m INFO[0m [2mtest[0m[2m:[0m input=StringLiteral("[gr?v=")
[2m2023-05-19T13:12:03.570402Z[0m [32m INFO[0m [2mtest[0m[2m:[0m input=Comment(":i r+$zM/\\Ge{{v$")
[2m2023-05-19T13:12:03.570489Z[0m [32m INFO[0m [2mtest[0m[2m:[0m input=Identifier("j35hK4CA0tuZ1R")
[2m2023-05-19T13:12:03.570570Z[0m [32m INFO[0m [2mtest[0m[2m:[0m input=Operator("=")
[2m2023-05-19T13:12:03.570655Z[0m [32m INFO[0m [2mtest[0m[2m:[0m input=Identifier("mjkMzIAFDvDFQauW3tE3")
[2m2023-05-19T13:12:03.570699Z[0m [32m INFO[0m [2mtest[0m[2m:[0m input=Comment("?")
[2m2023-05-19T13:12:03.570746Z[0m [32m INFO[0m [2mtest[0m[2m:[0m input=StringLiteral("B~gG3?")
[2m2023-05-19T13:12:03.570908Z[0m [32m INFO[0m [2mtest[0m[2m:[0m input=Comment("ryAQ3ly+j=>^#gMIpHHJ.\\y==")
[2m2023-05-19T13:12:03.571027Z[0m [32m INFO[0m [2mtest[0m[2m:[0m input=Operator("=")
[2m2023-05-19T13:12:03.571067Z[0m [32m INFO[0m [2mtest[0m[2m:[0m input=Comment("R")
[2m2023-05-19T13:12:03.571105Z[0m [32m INFO[0m [2mtest[0m[2m:[0m input=StringLiteral("'?DT&]#&/$)?tM{g")
[2m2023-05-19T13:12:03.571245Z[0m [32m INFO[0m [2mtest[0m[2m:[0m input=Integer(-4814055874708250460)
[2m2023-05-19T13:12:03.571353Z[0m [32m INFO[0m [2mtest[0m[2m:[0m input=Integer(-6958957017700088915)
[2m2023-05-19T13:12:03.571454Z[0m [32m INFO[0m [2mtest[0m[2m:[0m input=Operator("-")
[2m2023-05-19T13:12:03.571592Z[0m [32m INFO[0m [2mtest[0m[2m:[0m input=Operator("*")
[2m2023-05-19T13:12:03.571699Z[0m [32m INFO[0m [2mtest[0m[2m:[0m input=Comment("j=..FEqD{{$nTi9`Ix<Ken':*Of*^")
[2m2023-05-19T13:12:03.571750Z[0m [32m INFO[0m [2mtest[0m[2m:[0m input=Operator("*")
[2m2023-05-19T13:12:03.571799Z[0m [32m INFO[0m [2mtest[0m[2m:[0m input=Identifier("aclb19paod9qlMs")
[2m2023-05-19T13:12:03.571837Z[0m [32m INFO[0m [2mtest[0m[2m:[0m input=Integer(154256926758734228)
[2m2023-05-19T13:12:03.571882Z[0m [32m INFO[0m [2mtest[0m[2m:[0m input=Identifier("DcQrm9FHl7iOx58VZ07R7")
[2m2023-05-19T13:12:03.571920Z[0m [32m INFO[0m [2mtest[0m[2m:[0m input=Integer(2655084732756127396)
[2m2023-05-19T13:12:03.572000Z[0m [32m INFO[0m [2mtest[0m[2m:[0m input=Comment("m_\\Ub/:_*^.")
[2m2023-05-19T13:12:03.572036Z[0m [32m INFO[0m [2mtest[0m[2m:[0m input=Integer(-8755582798421541635)
[2m2023-05-19T13:12:03.572066Z[0m [32m INFO[0m [2mtest[0m[2m:[0m input=Integer(-6743931025875200407)
[2m2023-05-19T13:12:03.572097Z[0m [32m INFO[0m [2mtest[0m[2m:[0m input=Integer(5761360782193064848)
[2m2023-05-19T13:12:03.572137Z[0m [32m INFO[0m [2mtest[0m[2m:[0m input=StringLiteral("*K$iBVdv%Z1i9B,I1&<c&/")
[2m2023-05-19T13:12:03.572184Z[0m [32m INFO[0m [2mtest[0m[2m:[0m input=Identifier("wiGD1f2QEeJumG3984eYXu")
[2m2023-05-19T13:12:03.572255Z[0m [32m INFO[0m [2mtest[0m[2m:[0m input=Comment("X&y\"?1.K'j&<C$=P]?F1\\")
[2m2023-05-19T13:12:03.572300Z[0m [32m INFO[0m [2mtest[0m[2m:[0m input=Comment(")8Y8\"Q9]*<_ ~'")
[2m2023-05-19T13:12:03.572349Z[0m [32m INFO[0m [2mtest[0m[2m:[0m input=Comment("\\MG14a'jz3:T1=w@$?)>v?@#")
[2m2023-05-19T13:12:03.572386Z[0m [32m INFO[0m [2mtest[0m[2m:[0m input=Integer(-319764392792680715)
[2m2023-05-19T13:12:03.572420Z[0m [32m INFO[0m [2mtest[0m[2m:[0m input=StringLiteral("0s:;P$zy")
[2m2023-05-19T13:12:03.572453Z[0m [32m INFO[0m [2mtest[0m[2m:[0m input=Integer(-8007675950921365945)
[2m2023-05-19T13:12:03.572485Z[0m [32m INFO[0m [2mtest[0m[2m:[0m input=Identifier("wCwM8")
[2m2023-05-19T13:12:03.572513Z[0m [32m INFO[0m [2mtest[0m[2m:[0m input=Integer(8640046009125334648)
[2m2023-05-19T13:12:03.572554Z[0m [32m INFO[0m [2mtest[0m[2m:[0m input=Comment("c*]<{jJ+*EfG/{m<")
[2m2023-05-19T13:12:03.572610Z[0m [32m INFO[0m [2mtest[0m[2m:[0m input=Identifier("nUIXc0Mpf16XCWkfez7LcC9E2zB7X3NzX")
[2m2023-05-19T13:12:03.572648Z[0m [32m INFO[0m [2mtest[0m[2m:[0m input=StringLiteral("`w$r")
[2m2023-05-19T13:12:03.572676Z[0m [32m INFO[0m [2mtest[0m[2m:[0m input=Integer(-5331959357148713683)
[2m2023-05-19T13:12:03.572699Z[0m [32m INFO[0m [2mtest[0m[2m:[0m input=Integer(-2849884312051238203)
[2m2023-05-19T13:12:03.572729Z[0m [32m INFO[0m [2mtest[0m[2m:[0m input=Integer(-2935754283362048678)
test prop_parse_format_idempotent ... ok
test adding_and_then_removing_an_item_from_the_cart_leaves_the_cart_unchanged ... ok

test result: ok. 3 passed; 0 failed; 0 ignored; 0 measured; 0 filtered out; finished in 0.48s

